export const snapshot = {};

snapshot[`App > d-alert > Draws an alert 1`] = `
{
  children: [
    {
      children: [],
      role: null,
      styles: {
        accentColor: "auto",
        additiveSymbols: "",
        alignContent: "normal",
        alignItems: "normal",
        alignSelf: "auto",
        alignmentBaseline: "auto",
        all: "",
        animation: "none 0s ease 0s 1 normal none running",
        animationDelay: "0s",
        animationDirection: "normal",
        animationDuration: "0s",
        animationFillMode: "none",
        animationIterationCount: "1",
        animationName: "none",
        animationPlayState: "running",
        animationTimingFunction: "ease",
        appRegion: "none",
        appearance: "none",
        ascentOverride: "",
        aspectRatio: "auto",
        backdropFilter: "none",
        backfaceVisibility: "visible",
        background: "rgba(0, 0, 0, 0) none repeat scroll 0% 0% / auto padding-box border-box",
        backgroundAttachment: "scroll",
        backgroundBlendMode: "normal",
        backgroundClip: "border-box",
        backgroundColor: "rgba(0, 0, 0, 0)",
        backgroundImage: "none",
        backgroundOrigin: "padding-box",
        backgroundPosition: "0% 0%",
        backgroundPositionX: "0%",
        backgroundPositionY: "0%",
        backgroundRepeat: "repeat",
        backgroundRepeatX: "",
        backgroundRepeatY: "",
        backgroundSize: "auto",
        basePalette: "",
        baselineShift: "0px",
        blockSize: "auto",
        border: "0px none rgb(255, 255, 254)",
        borderBlock: "0px none rgb(255, 255, 254)",
        borderBlockColor: "rgb(255, 255, 254)",
        borderBlockEnd: "0px none rgb(255, 255, 254)",
        borderBlockEndColor: "rgb(255, 255, 254)",
        borderBlockEndStyle: "none",
        borderBlockEndWidth: "0px",
        borderBlockStart: "0px none rgb(255, 255, 254)",
        borderBlockStartColor: "rgb(255, 255, 254)",
        borderBlockStartStyle: "none",
        borderBlockStartWidth: "0px",
        borderBlockStyle: "none",
        borderBlockWidth: "0px",
        borderBottom: "0px none rgb(255, 255, 254)",
        borderBottomColor: "rgb(255, 255, 254)",
        borderBottomLeftRadius: "0px",
        borderBottomRightRadius: "0px",
        borderBottomStyle: "none",
        borderBottomWidth: "0px",
        borderCollapse: "separate",
        borderColor: "rgb(255, 255, 254)",
        borderEndEndRadius: "0px",
        borderEndStartRadius: "0px",
        borderImage: "none",
        borderImageOutset: "0",
        borderImageRepeat: "stretch",
        borderImageSlice: "100%",
        borderImageSource: "none",
        borderImageWidth: "1",
        borderInline: "0px none rgb(255, 255, 254)",
        borderInlineColor: "rgb(255, 255, 254)",
        borderInlineEnd: "0px none rgb(255, 255, 254)",
        borderInlineEndColor: "rgb(255, 255, 254)",
        borderInlineEndStyle: "none",
        borderInlineEndWidth: "0px",
        borderInlineStart: "0px none rgb(255, 255, 254)",
        borderInlineStartColor: "rgb(255, 255, 254)",
        borderInlineStartStyle: "none",
        borderInlineStartWidth: "0px",
        borderInlineStyle: "none",
        borderInlineWidth: "0px",
        borderLeft: "0px none rgb(255, 255, 254)",
        borderLeftColor: "rgb(255, 255, 254)",
        borderLeftStyle: "none",
        borderLeftWidth: "0px",
        borderRadius: "0px",
        borderRight: "0px none rgb(255, 255, 254)",
        borderRightColor: "rgb(255, 255, 254)",
        borderRightStyle: "none",
        borderRightWidth: "0px",
        borderSpacing: "0px 0px",
        borderStartEndRadius: "0px",
        borderStartStartRadius: "0px",
        borderStyle: "none",
        borderTop: "0px none rgb(255, 255, 254)",
        borderTopColor: "rgb(255, 255, 254)",
        borderTopLeftRadius: "0px",
        borderTopRightRadius: "0px",
        borderTopStyle: "none",
        borderTopWidth: "0px",
        borderWidth: "0px",
        bottom: "auto",
        boxShadow: "none",
        boxSizing: "content-box",
        breakAfter: "auto",
        breakBefore: "auto",
        breakInside: "auto",
        bufferedRendering: "auto",
        captionSide: "top",
        caretColor: "rgb(255, 255, 254)",
        clear: "none",
        clip: "auto",
        clipPath: "none",
        clipRule: "nonzero",
        color: "rgb(255, 255, 254)",
        colorInterpolation: "srgb",
        colorInterpolationFilters: "linearrgb",
        colorRendering: "auto",
        colorScheme: "normal",
        columnCount: "auto",
        columnFill: "balance",
        columnGap: "normal",
        columnRule: "0px none rgb(255, 255, 254)",
        columnRuleColor: "rgb(255, 255, 254)",
        columnRuleStyle: "none",
        columnRuleWidth: "0px",
        columnSpan: "none",
        columnWidth: "auto",
        columns: "auto auto",
        contain: "none",
        containIntrinsicBlockSize: "none",
        containIntrinsicHeight: "none",
        containIntrinsicInlineSize: "none",
        containIntrinsicSize: "none",
        containIntrinsicWidth: "none",
        container: "none",
        containerName: "none",
        containerType: "normal",
        content: "normal",
        contentVisibility: "visible",
        counterIncrement: "none",
        counterReset: "none",
        counterSet: "none",
        cssFloat: "none",
        cssText: "",
        cursor: "auto",
        cx: "0px",
        cy: "0px",
        d: "none",
        descentOverride: "",
        direction: "ltr",
        display: "contents",
        dominantBaseline: "auto",
        emptyCells: "show",
        fallback: "",
        fill: "rgb(0, 0, 0)",
        fillOpacity: "1",
        fillRule: "nonzero",
        filter: "none",
        flex: "0 1 auto",
        flexBasis: "auto",
        flexDirection: "row",
        flexFlow: "row nowrap",
        flexGrow: "0",
        flexShrink: "1",
        flexWrap: "nowrap",
        float: "none",
        floodColor: "rgb(0, 0, 0)",
        floodOpacity: "1",
        font: "300 24px / 28.8px Poppins, sans-serif",
        fontDisplay: "",
        fontFamily: "Poppins, sans-serif",
        fontFeatureSettings: "normal",
        fontKerning: "auto",
        fontOpticalSizing: "auto",
        fontPalette: "normal",
        fontSize: "24px",
        fontStretch: "100%",
        fontStyle: "normal",
        fontSynthesis: "weight style small-caps",
        fontSynthesisSmallCaps: "auto",
        fontSynthesisStyle: "auto",
        fontSynthesisWeight: "auto",
        fontVariant: "normal",
        fontVariantCaps: "normal",
        fontVariantEastAsian: "normal",
        fontVariantLigatures: "normal",
        fontVariantNumeric: "normal",
        fontVariationSettings: "normal",
        fontWeight: "300",
        forcedColorAdjust: "auto",
        gap: "normal",
        grid: "none / none / none / row / auto / auto",
        gridArea: "auto / auto / auto / auto",
        gridAutoColumns: "auto",
        gridAutoFlow: "row",
        gridAutoRows: "auto",
        gridColumn: "auto / auto",
        gridColumnEnd: "auto",
        gridColumnGap: "normal",
        gridColumnStart: "auto",
        gridGap: "normal normal",
        gridRow: "auto / auto",
        gridRowEnd: "auto",
        gridRowGap: "normal",
        gridRowStart: "auto",
        gridTemplate: "none / none / none",
        gridTemplateAreas: "none",
        gridTemplateColumns: "none",
        gridTemplateRows: "none",
        height: "auto",
        hyphens: "manual",
        imageOrientation: "from-image",
        imageRendering: "auto",
        inherits: "",
        initialValue: "",
        inlineSize: "auto",
        inset: "auto",
        insetBlock: "auto",
        insetBlockEnd: "auto",
        insetBlockStart: "auto",
        insetInline: "auto",
        insetInlineEnd: "auto",
        insetInlineStart: "auto",
        isolation: "auto",
        justifyContent: "normal",
        justifyItems: "normal",
        justifySelf: "auto",
        left: "auto",
        letterSpacing: "normal",
        lightingColor: "rgb(255, 255, 255)",
        lineBreak: "auto",
        lineGapOverride: "",
        lineHeight: "28.8px",
        listStyle: "outside none disc",
        listStyleImage: "none",
        listStylePosition: "outside",
        listStyleType: "disc",
        margin: "0px",
        marginBlock: "0px",
        marginBlockEnd: "0px",
        marginBlockStart: "0px",
        marginBottom: "0px",
        marginInline: "0px",
        marginInlineEnd: "0px",
        marginInlineStart: "0px",
        marginLeft: "0px",
        marginRight: "0px",
        marginTop: "0px",
        marker: "none",
        markerEnd: "none",
        markerMid: "none",
        markerStart: "none",
        mask: "none",
        maskType: "luminance",
        maxBlockSize: "none",
        maxHeight: "none",
        maxInlineSize: "none",
        maxWidth: "none",
        maxZoom: "",
        minBlockSize: "0px",
        minHeight: "0px",
        minInlineSize: "0px",
        minWidth: "0px",
        minZoom: "",
        mixBlendMode: "normal",
        negative: "",
        objectFit: "fill",
        objectPosition: "50% 50%",
        objectViewBox: "none",
        offset: "none 0px auto 0deg",
        offsetDistance: "0px",
        offsetPath: "none",
        offsetRotate: "auto 0deg",
        opacity: "1",
        order: "0",
        orientation: "",
        orphans: "2",
        outline: "rgb(255, 255, 254) none 0px",
        outlineColor: "rgb(255, 255, 254)",
        outlineOffset: "0px",
        outlineStyle: "none",
        outlineWidth: "0px",
        overflow: "visible",
        overflowAnchor: "auto",
        overflowClipMargin: "0px",
        overflowWrap: "normal",
        overflowX: "visible",
        overflowY: "visible",
        overrideColors: "",
        overscrollBehavior: "auto",
        overscrollBehaviorBlock: "auto",
        overscrollBehaviorInline: "auto",
        overscrollBehaviorX: "auto",
        overscrollBehaviorY: "auto",
        pad: "",
        padding: "0px",
        paddingBlock: "0px",
        paddingBlockEnd: "0px",
        paddingBlockStart: "0px",
        paddingBottom: "0px",
        paddingInline: "0px",
        paddingInlineEnd: "0px",
        paddingInlineStart: "0px",
        paddingLeft: "0px",
        paddingRight: "0px",
        paddingTop: "0px",
        page: "auto",
        pageBreakAfter: "auto",
        pageBreakBefore: "auto",
        pageBreakInside: "auto",
        pageOrientation: "",
        paintOrder: "normal",
        perspective: "none",
        perspectiveOrigin: "50% 50%",
        placeContent: "normal",
        placeItems: "normal",
        placeSelf: "auto",
        pointerEvents: "auto",
        position: "static",
        prefix: "",
        quotes: "auto",
        r: "0px",
        range: "",
        resize: "none",
        right: "auto",
        rotate: "none",
        rowGap: "normal",
        rubyPosition: "over",
        rx: "auto",
        ry: "auto",
        scale: "none",
        scrollBehavior: "auto",
        scrollMargin: "0px",
        scrollMarginBlock: "0px",
        scrollMarginBlockEnd: "0px",
        scrollMarginBlockStart: "0px",
        scrollMarginBottom: "0px",
        scrollMarginInline: "0px",
        scrollMarginInlineEnd: "0px",
        scrollMarginInlineStart: "0px",
        scrollMarginLeft: "0px",
        scrollMarginRight: "0px",
        scrollMarginTop: "0px",
        scrollPadding: "auto",
        scrollPaddingBlock: "auto",
        scrollPaddingBlockEnd: "auto",
        scrollPaddingBlockStart: "auto",
        scrollPaddingBottom: "auto",
        scrollPaddingInline: "auto",
        scrollPaddingInlineEnd: "auto",
        scrollPaddingInlineStart: "auto",
        scrollPaddingLeft: "auto",
        scrollPaddingRight: "auto",
        scrollPaddingTop: "auto",
        scrollSnapAlign: "none",
        scrollSnapStop: "normal",
        scrollSnapType: "none",
        scrollbarGutter: "auto",
        shapeImageThreshold: "0",
        shapeMargin: "0px",
        shapeOutside: "none",
        shapeRendering: "auto",
        size: "",
        sizeAdjust: "",
        speak: "normal",
        speakAs: "",
        src: "",
        stopColor: "rgb(0, 0, 0)",
        stopOpacity: "1",
        stroke: "none",
        strokeDasharray: "none",
        strokeDashoffset: "0px",
        strokeLinecap: "butt",
        strokeLinejoin: "miter",
        strokeMiterlimit: "4",
        strokeOpacity: "1",
        strokeWidth: "1px",
        suffix: "",
        symbols: "",
        syntax: "",
        system: "",
        tabSize: "8",
        tableLayout: "auto",
        textAlign: "start",
        textAlignLast: "auto",
        textAnchor: "start",
        textCombineUpright: "none",
        textDecoration: "none solid rgb(255, 255, 254)",
        textDecorationColor: "rgb(255, 255, 254)",
        textDecorationLine: "none",
        textDecorationSkipInk: "auto",
        textDecorationStyle: "solid",
        textDecorationThickness: "auto",
        textEmphasis: "none rgb(255, 255, 254)",
        textEmphasisColor: "rgb(255, 255, 254)",
        textEmphasisPosition: "over",
        textEmphasisStyle: "none",
        textIndent: "0px",
        textOrientation: "mixed",
        textOverflow: "clip",
        textRendering: "auto",
        textShadow: "none",
        textSizeAdjust: "auto",
        textTransform: "none",
        textUnderlineOffset: "auto",
        textUnderlinePosition: "auto",
        top: "auto",
        touchAction: "auto",
        transform: "none",
        transformBox: "view-box",
        transformOrigin: "50% 50%",
        transformStyle: "flat",
        transition: "all 0s ease 0s",
        transitionDelay: "0s",
        transitionDuration: "0s",
        transitionProperty: "all",
        transitionTimingFunction: "ease",
        translate: "none",
        unicodeBidi: "normal",
        unicodeRange: "",
        userSelect: "auto",
        userZoom: "",
        vectorEffect: "none",
        verticalAlign: "baseline",
        visibility: "visible",
        webkitAlignContent: "normal",
        webkitAlignItems: "normal",
        webkitAlignSelf: "auto",
        webkitAnimation: "none 0s ease 0s 1 normal none running",
        webkitAnimationDelay: "0s",
        webkitAnimationDirection: "normal",
        webkitAnimationDuration: "0s",
        webkitAnimationFillMode: "none",
        webkitAnimationIterationCount: "1",
        webkitAnimationName: "none",
        webkitAnimationPlayState: "running",
        webkitAnimationTimingFunction: "ease",
        webkitAppRegion: "none",
        webkitAppearance: "none",
        webkitBackfaceVisibility: "visible",
        webkitBackgroundClip: "border-box",
        webkitBackgroundOrigin: "padding-box",
        webkitBackgroundSize: "auto",
        webkitBorderAfter: "0px none rgb(255, 255, 254)",
        webkitBorderAfterColor: "rgb(255, 255, 254)",
        webkitBorderAfterStyle: "none",
        webkitBorderAfterWidth: "0px",
        webkitBorderBefore: "0px none rgb(255, 255, 254)",
        webkitBorderBeforeColor: "rgb(255, 255, 254)",
        webkitBorderBeforeStyle: "none",
        webkitBorderBeforeWidth: "0px",
        webkitBorderBottomLeftRadius: "0px",
        webkitBorderBottomRightRadius: "0px",
        webkitBorderEnd: "0px none rgb(255, 255, 254)",
        webkitBorderEndColor: "rgb(255, 255, 254)",
        webkitBorderEndStyle: "none",
        webkitBorderEndWidth: "0px",
        webkitBorderHorizontalSpacing: "0px",
        webkitBorderImage: "none",
        webkitBorderRadius: "0px",
        webkitBorderStart: "0px none rgb(255, 255, 254)",
        webkitBorderStartColor: "rgb(255, 255, 254)",
        webkitBorderStartStyle: "none",
        webkitBorderStartWidth: "0px",
        webkitBorderTopLeftRadius: "0px",
        webkitBorderTopRightRadius: "0px",
        webkitBorderVerticalSpacing: "0px",
        webkitBoxAlign: "stretch",
        webkitBoxDecorationBreak: "slice",
        webkitBoxDirection: "normal",
        webkitBoxFlex: "0",
        webkitBoxOrdinalGroup: "1",
        webkitBoxOrient: "horizontal",
        webkitBoxPack: "start",
        webkitBoxReflect: "none",
        webkitBoxShadow: "none",
        webkitBoxSizing: "content-box",
        webkitClipPath: "none",
        webkitColumnBreakAfter: "auto",
        webkitColumnBreakBefore: "auto",
        webkitColumnBreakInside: "auto",
        webkitColumnCount: "auto",
        webkitColumnGap: "normal",
        webkitColumnRule: "0px none rgb(255, 255, 254)",
        webkitColumnRuleColor: "rgb(255, 255, 254)",
        webkitColumnRuleStyle: "none",
        webkitColumnRuleWidth: "0px",
        webkitColumnSpan: "none",
        webkitColumnWidth: "auto",
        webkitColumns: "auto auto",
        webkitFilter: "none",
        webkitFlex: "0 1 auto",
        webkitFlexBasis: "auto",
        webkitFlexDirection: "row",
        webkitFlexFlow: "row nowrap",
        webkitFlexGrow: "0",
        webkitFlexShrink: "1",
        webkitFlexWrap: "nowrap",
        webkitFontFeatureSettings: "normal",
        webkitFontSmoothing: "auto",
        webkitHighlight: "none",
        webkitHyphenateCharacter: "auto",
        webkitJustifyContent: "normal",
        webkitLineBreak: "auto",
        webkitLineClamp: "none",
        webkitLocale: "auto",
        webkitLogicalHeight: "auto",
        webkitLogicalWidth: "auto",
        webkitMarginAfter: "0px",
        webkitMarginBefore: "0px",
        webkitMarginEnd: "0px",
        webkitMarginStart: "0px",
        webkitMask: "",
        webkitMaskBoxImage: "none",
        webkitMaskBoxImageOutset: "0",
        webkitMaskBoxImageRepeat: "stretch",
        webkitMaskBoxImageSlice: "0 fill",
        webkitMaskBoxImageSource: "none",
        webkitMaskBoxImageWidth: "auto",
        webkitMaskClip: "border-box",
        webkitMaskComposite: "source-over",
        webkitMaskImage: "none",
        webkitMaskOrigin: "border-box",
        webkitMaskPosition: "0% 0%",
        webkitMaskPositionX: "0%",
        webkitMaskPositionY: "0%",
        webkitMaskRepeat: "repeat",
        webkitMaskRepeatX: "",
        webkitMaskRepeatY: "",
        webkitMaskSize: "auto",
        webkitMaxLogicalHeight: "none",
        webkitMaxLogicalWidth: "none",
        webkitMinLogicalHeight: "0px",
        webkitMinLogicalWidth: "0px",
        webkitOpacity: "1",
        webkitOrder: "0",
        webkitPaddingAfter: "0px",
        webkitPaddingBefore: "0px",
        webkitPaddingEnd: "0px",
        webkitPaddingStart: "0px",
        webkitPerspective: "none",
        webkitPerspectiveOrigin: "50% 50%",
        webkitPerspectiveOriginX: "",
        webkitPerspectiveOriginY: "",
        webkitPrintColorAdjust: "economy",
        webkitRtlOrdering: "logical",
        webkitRubyPosition: "before",
        webkitShapeImageThreshold: "0",
        webkitShapeMargin: "0px",
        webkitShapeOutside: "none",
        webkitTapHighlightColor: "rgba(0, 0, 0, 0.18)",
        webkitTextCombine: "none",
        webkitTextDecorationsInEffect: "none",
        webkitTextEmphasis: "none rgb(255, 255, 254)",
        webkitTextEmphasisColor: "rgb(255, 255, 254)",
        webkitTextEmphasisPosition: "over",
        webkitTextEmphasisStyle: "none",
        webkitTextFillColor: "rgb(255, 255, 254)",
        webkitTextOrientation: "vertical-right",
        webkitTextSecurity: "none",
        webkitTextSizeAdjust: "auto",
        webkitTextStroke: "",
        webkitTextStrokeColor: "rgb(255, 255, 254)",
        webkitTextStrokeWidth: "0px",
        webkitTransform: "none",
        webkitTransformOrigin: "50% 50%",
        webkitTransformOriginX: "",
        webkitTransformOriginY: "",
        webkitTransformOriginZ: "",
        webkitTransformStyle: "flat",
        webkitTransition: "all 0s ease 0s",
        webkitTransitionDelay: "0s",
        webkitTransitionDuration: "0s",
        webkitTransitionProperty: "all",
        webkitTransitionTimingFunction: "ease",
        webkitUserDrag: "auto",
        webkitUserModify: "read-only",
        webkitUserSelect: "auto",
        webkitWritingMode: "horizontal-tb",
        whiteSpace: "normal",
        widows: "2",
        width: "auto",
        willChange: "auto",
        wordBreak: "normal",
        wordSpacing: "0px",
        wordWrap: "normal",
        writingMode: "horizontal-tb",
        x: "0px",
        y: "0px",
        zIndex: "auto",
        zoom: "1",
      },
      tag: "SLOT",
    },
  ],
  host: {
    accentColor: "auto",
    additiveSymbols: "",
    alignContent: "normal",
    alignItems: "center",
    alignSelf: "auto",
    alignmentBaseline: "auto",
    all: "",
    animation: "none 0s ease 0s 1 normal none running",
    animationDelay: "0s",
    animationDirection: "normal",
    animationDuration: "0s",
    animationFillMode: "none",
    animationIterationCount: "1",
    animationName: "none",
    animationPlayState: "running",
    animationTimingFunction: "ease",
    appRegion: "none",
    appearance: "none",
    ascentOverride: "",
    aspectRatio: "auto",
    backdropFilter: "none",
    backfaceVisibility: "visible",
    background: "rgb(255, 128, 106) none repeat scroll 0% 0% / auto padding-box border-box",
    backgroundAttachment: "scroll",
    backgroundBlendMode: "normal",
    backgroundClip: "border-box",
    backgroundColor: "rgb(255, 128, 106)",
    backgroundImage: "none",
    backgroundOrigin: "padding-box",
    backgroundPosition: "0% 0%",
    backgroundPositionX: "0%",
    backgroundPositionY: "0%",
    backgroundRepeat: "repeat",
    backgroundRepeatX: "",
    backgroundRepeatY: "",
    backgroundSize: "auto",
    basePalette: "",
    baselineShift: "0px",
    blockSize: "28.7969px",
    border: "2px solid rgb(242, 80, 66)",
    borderBlock: "2px solid rgb(242, 80, 66)",
    borderBlockColor: "rgb(242, 80, 66)",
    borderBlockEnd: "2px solid rgb(242, 80, 66)",
    borderBlockEndColor: "rgb(242, 80, 66)",
    borderBlockEndStyle: "solid",
    borderBlockEndWidth: "2px",
    borderBlockStart: "2px solid rgb(242, 80, 66)",
    borderBlockStartColor: "rgb(242, 80, 66)",
    borderBlockStartStyle: "solid",
    borderBlockStartWidth: "2px",
    borderBlockStyle: "solid",
    borderBlockWidth: "2px",
    borderBottom: "2px solid rgb(242, 80, 66)",
    borderBottomColor: "rgb(242, 80, 66)",
    borderBottomLeftRadius: "8px",
    borderBottomRightRadius: "8px",
    borderBottomStyle: "solid",
    borderBottomWidth: "2px",
    borderCollapse: "separate",
    borderColor: "rgb(242, 80, 66)",
    borderEndEndRadius: "8px",
    borderEndStartRadius: "8px",
    borderImage: "none",
    borderImageOutset: "0",
    borderImageRepeat: "stretch",
    borderImageSlice: "100%",
    borderImageSource: "none",
    borderImageWidth: "1",
    borderInline: "2px solid rgb(242, 80, 66)",
    borderInlineColor: "rgb(242, 80, 66)",
    borderInlineEnd: "2px solid rgb(242, 80, 66)",
    borderInlineEndColor: "rgb(242, 80, 66)",
    borderInlineEndStyle: "solid",
    borderInlineEndWidth: "2px",
    borderInlineStart: "2px solid rgb(242, 80, 66)",
    borderInlineStartColor: "rgb(242, 80, 66)",
    borderInlineStartStyle: "solid",
    borderInlineStartWidth: "2px",
    borderInlineStyle: "solid",
    borderInlineWidth: "2px",
    borderLeft: "2px solid rgb(242, 80, 66)",
    borderLeftColor: "rgb(242, 80, 66)",
    borderLeftStyle: "solid",
    borderLeftWidth: "2px",
    borderRadius: "8px",
    borderRight: "2px solid rgb(242, 80, 66)",
    borderRightColor: "rgb(242, 80, 66)",
    borderRightStyle: "solid",
    borderRightWidth: "2px",
    borderSpacing: "0px 0px",
    borderStartEndRadius: "8px",
    borderStartStartRadius: "8px",
    borderStyle: "solid",
    borderTop: "2px solid rgb(242, 80, 66)",
    borderTopColor: "rgb(242, 80, 66)",
    borderTopLeftRadius: "8px",
    borderTopRightRadius: "8px",
    borderTopStyle: "solid",
    borderTopWidth: "2px",
    borderWidth: "2px",
    bottom: "0px",
    boxShadow: "none",
    boxSizing: "content-box",
    breakAfter: "auto",
    breakBefore: "auto",
    breakInside: "auto",
    bufferedRendering: "auto",
    captionSide: "top",
    caretColor: "rgb(255, 255, 254)",
    clear: "none",
    clip: "auto",
    clipPath: "none",
    clipRule: "nonzero",
    color: "rgb(255, 255, 254)",
    colorInterpolation: "srgb",
    colorInterpolationFilters: "linearrgb",
    colorRendering: "auto",
    colorScheme: "normal",
    columnCount: "auto",
    columnFill: "balance",
    columnGap: "normal",
    columnRule: "0px none rgb(255, 255, 254)",
    columnRuleColor: "rgb(255, 255, 254)",
    columnRuleStyle: "none",
    columnRuleWidth: "0px",
    columnSpan: "none",
    columnWidth: "auto",
    columns: "auto auto",
    contain: "none",
    containIntrinsicBlockSize: "none",
    containIntrinsicHeight: "none",
    containIntrinsicInlineSize: "none",
    containIntrinsicSize: "none",
    containIntrinsicWidth: "none",
    container: "none",
    containerName: "none",
    containerType: "normal",
    content: "normal",
    contentVisibility: "visible",
    counterIncrement: "none",
    counterReset: "none",
    counterSet: "none",
    cssFloat: "none",
    cssText: "",
    cursor: "auto",
    cx: "0px",
    cy: "0px",
    d: "none",
    descentOverride: "",
    direction: "ltr",
    display: "flex",
    dominantBaseline: "auto",
    emptyCells: "show",
    fallback: "",
    fill: "rgb(0, 0, 0)",
    fillOpacity: "1",
    fillRule: "nonzero",
    filter: "none",
    flex: "0 1 auto",
    flexBasis: "auto",
    flexDirection: "row",
    flexFlow: "row nowrap",
    flexGrow: "0",
    flexShrink: "1",
    flexWrap: "nowrap",
    float: "none",
    floodColor: "rgb(0, 0, 0)",
    floodOpacity: "1",
    font: "300 24px / 28.8px Poppins, sans-serif",
    fontDisplay: "",
    fontFamily: "Poppins, sans-serif",
    fontFeatureSettings: "normal",
    fontKerning: "auto",
    fontOpticalSizing: "auto",
    fontPalette: "normal",
    fontSize: "24px",
    fontStretch: "100%",
    fontStyle: "normal",
    fontSynthesis: "weight style small-caps",
    fontSynthesisSmallCaps: "auto",
    fontSynthesisStyle: "auto",
    fontSynthesisWeight: "auto",
    fontVariant: "normal",
    fontVariantCaps: "normal",
    fontVariantEastAsian: "normal",
    fontVariantLigatures: "normal",
    fontVariantNumeric: "normal",
    fontVariationSettings: "normal",
    fontWeight: "300",
    forcedColorAdjust: "auto",
    gap: "normal",
    grid: "none / none / none / row / auto / auto",
    gridArea: "auto / auto / auto / auto",
    gridAutoColumns: "auto",
    gridAutoFlow: "row",
    gridAutoRows: "auto",
    gridColumn: "auto / auto",
    gridColumnEnd: "auto",
    gridColumnGap: "normal",
    gridColumnStart: "auto",
    gridGap: "normal normal",
    gridRow: "auto / auto",
    gridRowEnd: "auto",
    gridRowGap: "normal",
    gridRowStart: "auto",
    gridTemplate: "none / none / none",
    gridTemplateAreas: "none",
    gridTemplateColumns: "none",
    gridTemplateRows: "none",
    height: "28.7969px",
    hyphens: "manual",
    imageOrientation: "from-image",
    imageRendering: "auto",
    inherits: "",
    initialValue: "",
    inlineSize: "748px",
    inset: "0px",
    insetBlock: "0px",
    insetBlockEnd: "0px",
    insetBlockStart: "0px",
    insetInline: "0px",
    insetInlineEnd: "0px",
    insetInlineStart: "0px",
    isolation: "auto",
    justifyContent: "space-between",
    justifyItems: "normal",
    justifySelf: "auto",
    left: "0px",
    letterSpacing: "normal",
    lightingColor: "rgb(255, 255, 255)",
    lineBreak: "auto",
    lineGapOverride: "",
    lineHeight: "28.8px",
    listStyle: "outside none disc",
    listStyleImage: "none",
    listStylePosition: "outside",
    listStyleType: "disc",
    margin: "8px 0px",
    marginBlock: "8px",
    marginBlockEnd: "8px",
    marginBlockStart: "8px",
    marginBottom: "8px",
    marginInline: "0px",
    marginInlineEnd: "0px",
    marginInlineStart: "0px",
    marginLeft: "0px",
    marginRight: "0px",
    marginTop: "8px",
    marker: "none",
    markerEnd: "none",
    markerMid: "none",
    markerStart: "none",
    mask: "none",
    maskType: "luminance",
    maxBlockSize: "none",
    maxHeight: "none",
    maxInlineSize: "none",
    maxWidth: "none",
    maxZoom: "",
    minBlockSize: "0px",
    minHeight: "0px",
    minInlineSize: "0px",
    minWidth: "0px",
    minZoom: "",
    mixBlendMode: "normal",
    negative: "",
    objectFit: "fill",
    objectPosition: "50% 50%",
    objectViewBox: "none",
    offset: "none 0px auto 0deg",
    offsetDistance: "0px",
    offsetPath: "none",
    offsetRotate: "auto 0deg",
    opacity: "1",
    order: "0",
    orientation: "",
    orphans: "2",
    outline: "rgb(255, 255, 254) none 0px",
    outlineColor: "rgb(255, 255, 254)",
    outlineOffset: "0px",
    outlineStyle: "none",
    outlineWidth: "0px",
    overflow: "visible",
    overflowAnchor: "auto",
    overflowClipMargin: "0px",
    overflowWrap: "normal",
    overflowX: "visible",
    overflowY: "visible",
    overrideColors: "",
    overscrollBehavior: "auto",
    overscrollBehaviorBlock: "auto",
    overscrollBehaviorInline: "auto",
    overscrollBehaviorX: "auto",
    overscrollBehaviorY: "auto",
    pad: "",
    padding: "12px 16px",
    paddingBlock: "12px",
    paddingBlockEnd: "12px",
    paddingBlockStart: "12px",
    paddingBottom: "12px",
    paddingInline: "16px",
    paddingInlineEnd: "16px",
    paddingInlineStart: "16px",
    paddingLeft: "16px",
    paddingRight: "16px",
    paddingTop: "12px",
    page: "auto",
    pageBreakAfter: "auto",
    pageBreakBefore: "auto",
    pageBreakInside: "auto",
    pageOrientation: "",
    paintOrder: "normal",
    perspective: "none",
    perspectiveOrigin: "392px 28.3906px",
    placeContent: "normal space-between",
    placeItems: "center normal",
    placeSelf: "auto",
    pointerEvents: "auto",
    position: "relative",
    prefix: "",
    quotes: "auto",
    r: "0px",
    range: "",
    resize: "none",
    right: "0px",
    rotate: "none",
    rowGap: "normal",
    rubyPosition: "over",
    rx: "auto",
    ry: "auto",
    scale: "none",
    scrollBehavior: "auto",
    scrollMargin: "0px",
    scrollMarginBlock: "0px",
    scrollMarginBlockEnd: "0px",
    scrollMarginBlockStart: "0px",
    scrollMarginBottom: "0px",
    scrollMarginInline: "0px",
    scrollMarginInlineEnd: "0px",
    scrollMarginInlineStart: "0px",
    scrollMarginLeft: "0px",
    scrollMarginRight: "0px",
    scrollMarginTop: "0px",
    scrollPadding: "auto",
    scrollPaddingBlock: "auto",
    scrollPaddingBlockEnd: "auto",
    scrollPaddingBlockStart: "auto",
    scrollPaddingBottom: "auto",
    scrollPaddingInline: "auto",
    scrollPaddingInlineEnd: "auto",
    scrollPaddingInlineStart: "auto",
    scrollPaddingLeft: "auto",
    scrollPaddingRight: "auto",
    scrollPaddingTop: "auto",
    scrollSnapAlign: "none",
    scrollSnapStop: "normal",
    scrollSnapType: "none",
    scrollbarGutter: "auto",
    shapeImageThreshold: "0",
    shapeMargin: "0px",
    shapeOutside: "none",
    shapeRendering: "auto",
    size: "",
    sizeAdjust: "",
    speak: "normal",
    speakAs: "",
    src: "",
    stopColor: "rgb(0, 0, 0)",
    stopOpacity: "1",
    stroke: "none",
    strokeDasharray: "none",
    strokeDashoffset: "0px",
    strokeLinecap: "butt",
    strokeLinejoin: "miter",
    strokeMiterlimit: "4",
    strokeOpacity: "1",
    strokeWidth: "1px",
    suffix: "",
    symbols: "",
    syntax: "",
    system: "",
    tabSize: "8",
    tableLayout: "auto",
    textAlign: "start",
    textAlignLast: "auto",
    textAnchor: "start",
    textCombineUpright: "none",
    textDecoration: "none solid rgb(255, 255, 254)",
    textDecorationColor: "rgb(255, 255, 254)",
    textDecorationLine: "none",
    textDecorationSkipInk: "auto",
    textDecorationStyle: "solid",
    textDecorationThickness: "auto",
    textEmphasis: "none rgb(255, 255, 254)",
    textEmphasisColor: "rgb(255, 255, 254)",
    textEmphasisPosition: "over",
    textEmphasisStyle: "none",
    textIndent: "0px",
    textOrientation: "mixed",
    textOverflow: "clip",
    textRendering: "auto",
    textShadow: "none",
    textSizeAdjust: "auto",
    textTransform: "none",
    textUnderlineOffset: "auto",
    textUnderlinePosition: "auto",
    top: "0px",
    touchAction: "auto",
    transform: "none",
    transformBox: "view-box",
    transformOrigin: "392px 28.3984px",
    transformStyle: "flat",
    transition: "all 0s ease 0s",
    transitionDelay: "0s",
    transitionDuration: "0s",
    transitionProperty: "all",
    transitionTimingFunction: "ease",
    translate: "none",
    unicodeBidi: "normal",
    unicodeRange: "",
    userSelect: "auto",
    userZoom: "",
    vectorEffect: "none",
    verticalAlign: "baseline",
    visibility: "visible",
    webkitAlignContent: "normal",
    webkitAlignItems: "center",
    webkitAlignSelf: "auto",
    webkitAnimation: "none 0s ease 0s 1 normal none running",
    webkitAnimationDelay: "0s",
    webkitAnimationDirection: "normal",
    webkitAnimationDuration: "0s",
    webkitAnimationFillMode: "none",
    webkitAnimationIterationCount: "1",
    webkitAnimationName: "none",
    webkitAnimationPlayState: "running",
    webkitAnimationTimingFunction: "ease",
    webkitAppRegion: "none",
    webkitAppearance: "none",
    webkitBackfaceVisibility: "visible",
    webkitBackgroundClip: "border-box",
    webkitBackgroundOrigin: "padding-box",
    webkitBackgroundSize: "auto",
    webkitBorderAfter: "2px solid rgb(242, 80, 66)",
    webkitBorderAfterColor: "rgb(242, 80, 66)",
    webkitBorderAfterStyle: "solid",
    webkitBorderAfterWidth: "2px",
    webkitBorderBefore: "2px solid rgb(242, 80, 66)",
    webkitBorderBeforeColor: "rgb(242, 80, 66)",
    webkitBorderBeforeStyle: "solid",
    webkitBorderBeforeWidth: "2px",
    webkitBorderBottomLeftRadius: "8px",
    webkitBorderBottomRightRadius: "8px",
    webkitBorderEnd: "2px solid rgb(242, 80, 66)",
    webkitBorderEndColor: "rgb(242, 80, 66)",
    webkitBorderEndStyle: "solid",
    webkitBorderEndWidth: "2px",
    webkitBorderHorizontalSpacing: "0px",
    webkitBorderImage: "none",
    webkitBorderRadius: "8px",
    webkitBorderStart: "2px solid rgb(242, 80, 66)",
    webkitBorderStartColor: "rgb(242, 80, 66)",
    webkitBorderStartStyle: "solid",
    webkitBorderStartWidth: "2px",
    webkitBorderTopLeftRadius: "8px",
    webkitBorderTopRightRadius: "8px",
    webkitBorderVerticalSpacing: "0px",
    webkitBoxAlign: "stretch",
    webkitBoxDecorationBreak: "slice",
    webkitBoxDirection: "normal",
    webkitBoxFlex: "0",
    webkitBoxOrdinalGroup: "1",
    webkitBoxOrient: "horizontal",
    webkitBoxPack: "start",
    webkitBoxReflect: "none",
    webkitBoxShadow: "none",
    webkitBoxSizing: "content-box",
    webkitClipPath: "none",
    webkitColumnBreakAfter: "auto",
    webkitColumnBreakBefore: "auto",
    webkitColumnBreakInside: "auto",
    webkitColumnCount: "auto",
    webkitColumnGap: "normal",
    webkitColumnRule: "0px none rgb(255, 255, 254)",
    webkitColumnRuleColor: "rgb(255, 255, 254)",
    webkitColumnRuleStyle: "none",
    webkitColumnRuleWidth: "0px",
    webkitColumnSpan: "none",
    webkitColumnWidth: "auto",
    webkitColumns: "auto auto",
    webkitFilter: "none",
    webkitFlex: "0 1 auto",
    webkitFlexBasis: "auto",
    webkitFlexDirection: "row",
    webkitFlexFlow: "row nowrap",
    webkitFlexGrow: "0",
    webkitFlexShrink: "1",
    webkitFlexWrap: "nowrap",
    webkitFontFeatureSettings: "normal",
    webkitFontSmoothing: "auto",
    webkitHighlight: "none",
    webkitHyphenateCharacter: "auto",
    webkitJustifyContent: "space-between",
    webkitLineBreak: "auto",
    webkitLineClamp: "none",
    webkitLocale: "auto",
    webkitLogicalHeight: "28.7969px",
    webkitLogicalWidth: "748px",
    webkitMarginAfter: "8px",
    webkitMarginBefore: "8px",
    webkitMarginEnd: "0px",
    webkitMarginStart: "0px",
    webkitMask: "",
    webkitMaskBoxImage: "none",
    webkitMaskBoxImageOutset: "0",
    webkitMaskBoxImageRepeat: "stretch",
    webkitMaskBoxImageSlice: "0 fill",
    webkitMaskBoxImageSource: "none",
    webkitMaskBoxImageWidth: "auto",
    webkitMaskClip: "border-box",
    webkitMaskComposite: "source-over",
    webkitMaskImage: "none",
    webkitMaskOrigin: "border-box",
    webkitMaskPosition: "0% 0%",
    webkitMaskPositionX: "0%",
    webkitMaskPositionY: "0%",
    webkitMaskRepeat: "repeat",
    webkitMaskRepeatX: "",
    webkitMaskRepeatY: "",
    webkitMaskSize: "auto",
    webkitMaxLogicalHeight: "none",
    webkitMaxLogicalWidth: "none",
    webkitMinLogicalHeight: "0px",
    webkitMinLogicalWidth: "0px",
    webkitOpacity: "1",
    webkitOrder: "0",
    webkitPaddingAfter: "12px",
    webkitPaddingBefore: "12px",
    webkitPaddingEnd: "16px",
    webkitPaddingStart: "16px",
    webkitPerspective: "none",
    webkitPerspectiveOrigin: "392px 28.3906px",
    webkitPerspectiveOriginX: "",
    webkitPerspectiveOriginY: "",
    webkitPrintColorAdjust: "economy",
    webkitRtlOrdering: "logical",
    webkitRubyPosition: "before",
    webkitShapeImageThreshold: "0",
    webkitShapeMargin: "0px",
    webkitShapeOutside: "none",
    webkitTapHighlightColor: "rgba(0, 0, 0, 0.18)",
    webkitTextCombine: "none",
    webkitTextDecorationsInEffect: "none",
    webkitTextEmphasis: "none rgb(255, 255, 254)",
    webkitTextEmphasisColor: "rgb(255, 255, 254)",
    webkitTextEmphasisPosition: "over",
    webkitTextEmphasisStyle: "none",
    webkitTextFillColor: "rgb(255, 255, 254)",
    webkitTextOrientation: "vertical-right",
    webkitTextSecurity: "none",
    webkitTextSizeAdjust: "auto",
    webkitTextStroke: "",
    webkitTextStrokeColor: "rgb(255, 255, 254)",
    webkitTextStrokeWidth: "0px",
    webkitTransform: "none",
    webkitTransformOrigin: "392px 28.3984px",
    webkitTransformOriginX: "",
    webkitTransformOriginY: "",
    webkitTransformOriginZ: "",
    webkitTransformStyle: "flat",
    webkitTransition: "all 0s ease 0s",
    webkitTransitionDelay: "0s",
    webkitTransitionDuration: "0s",
    webkitTransitionProperty: "all",
    webkitTransitionTimingFunction: "ease",
    webkitUserDrag: "auto",
    webkitUserModify: "read-only",
    webkitUserSelect: "auto",
    webkitWritingMode: "horizontal-tb",
    whiteSpace: "normal",
    widows: "2",
    width: "748px",
    willChange: "auto",
    wordBreak: "normal",
    wordSpacing: "0px",
    wordWrap: "normal",
    writingMode: "horizontal-tb",
    x: "0px",
    y: "0px",
    zIndex: "auto",
    zoom: "1",
  },
  role: null,
}
`;
